// Jest Snapshot v1, https://goo.gl/fbAQLP

exports[`should handle summary for 0 expenses 1`] = `
<div>
  <h1>
    Viewing 
     expense(s) totalling 
    $0.00
  </h1>
</div>
`;

exports[`should handle summary for 1 expense 1`] = `
<div>
  <h1>
    Viewing 
     expense(s) totalling 
    $0.00
  </h1>
</div>
`;

exports[`should handle summary for multiple expenses 1`] = `
<div>
  <h1>
    Viewing 
     expense(s) totalling 
    $0.00
  </h1>
</div>
`;
