// Jest Snapshot v1, https://goo.gl/fbAQLP

exports[`should render expense list item correctly 1`] = `
<div>
  <NavLink
    activeClassName="is-active"
    aria-current="page"
    exact={true}
    to="/edit/1"
  >
    <h3>
      Gum
    </h3>
  </NavLink>
  <p>
    195
     | 
    0
  </p>
</div>
`;
